---
source: crates/vi-testing/src/unicode_torture.rs
assertion_line: 299
expression: results
---
U+00C0 ok
U+00C1 ok
U+00C2 ok
U+00C3 ok
U+00C4 ok
U+00C5 ok
U+00C6 ok
U+00C7 ok
U+00C8 ok
U+00C9 ok
U+00CA ok
U+00CB ok
U+00CC ok
U+00CD ok
U+00CE ok
U+00CF ok
U+00D0 ok
U+00D1 ok
U+00D2 ok
U+00D3 ok
U+00D4 ok
U+00D5 ok
U+00D6 ok
U+00D7 ok
U+00D8 ok
U+00D9 ok
U+00DA ok
U+00DB ok
U+00DC ok
U+00DD ok
U+00DE ok
U+00DF ok
U+00E0 ok
U+00E1 ok
U+00E2 ok
U+00E3 ok
U+00E4 ok
U+00E5 ok
U+00E6 ok
U+00E7 ok
U+00E8 ok
U+00E9 ok
U+00EA ok
U+00EB ok
U+00EC ok
U+00ED ok
U+00EE ok
U+00EF ok
U+00F0 ok
U+00F1 ok
U+00F2 ok
U+00F3 ok
U+00F4 ok
U+00F5 ok
U+00F6 ok
U+00F7 ok
U+00F8 ok
U+00F9 ok
U+00FA ok
U+00FB ok
U+00FC ok
U+00FD ok
U+00FE ok
U+00FF ok
U+1E00 ok
U+1E01 ok
U+1E02 ok
U+1E03 ok
U+1E04 ok
U+1E05 ok
U+1E06 ok
U+1E07 ok
U+1E08 ok
U+1E09 ok
U+1E0A ok
U+1E0B ok
U+1E0C ok
U+1E0D ok
U+1E0E ok
U+1E0F ok
U+1E10 ok
U+1E11 ok
U+1E12 ok
U+1E13 ok
U+1E14 ok
U+1E15 ok
U+1E16 ok
U+1E17 ok
U+1E18 ok
U+1E19 ok
U+1E1A ok
U+1E1B ok
U+1E1C ok
U+1E1D ok
U+1E1E ok
U+1E1F ok
U+1E20 ok
U+1E21 ok
U+1E22 ok
U+1E23 ok
U+1E24 ok
U+1E25 ok
U+1E26 ok
U+1E27 ok
U+1E28 ok
U+1E29 ok
U+1E2A ok
U+1E2B ok
U+1E2C ok
U+1E2D ok
U+1E2E ok
U+1E2F ok
U+1E30 ok
U+1E31 ok
U+1E32 ok
U+1E33 ok
U+1E34 ok
U+1E35 ok
U+1E36 ok
U+1E37 ok
U+1E38 ok
U+1E39 ok
U+1E3A ok
U+1E3B ok
U+1E3C ok
U+1E3D ok
U+1E3E ok
U+1E3F ok
U+1E40 ok
U+1E41 ok
U+1E42 ok
U+1E43 ok
U+1E44 ok
U+1E45 ok
U+1E46 ok
U+1E47 ok
U+1E48 ok
U+1E49 ok
U+1E4A ok
U+1E4B ok
U+1E4C ok
U+1E4D ok
U+1E4E ok
U+1E4F ok
U+1E50 ok
U+1E51 ok
U+1E52 ok
U+1E53 ok
U+1E54 ok
U+1E55 ok
U+1E56 ok
U+1E57 ok
U+1E58 ok
U+1E59 ok
U+1E5A ok
U+1E5B ok
U+1E5C ok
U+1E5D ok
U+1E5E ok
U+1E5F ok
U+1E60 ok
U+1E61 ok
U+1E62 ok
U+1E63 ok
U+1E64 ok
U+1E65 ok
U+1E66 ok
U+1E67 ok
U+1E68 ok
U+1E69 ok
U+1E6A ok
U+1E6B ok
U+1E6C ok
U+1E6D ok
U+1E6E ok
U+1E6F ok
U+1E70 ok
U+1E71 ok
U+1E72 ok
U+1E73 ok
U+1E74 ok
U+1E75 ok
U+1E76 ok
U+1E77 ok
U+1E78 ok
U+1E79 ok
U+1E7A ok
U+1E7B ok
U+1E7C ok
U+1E7D ok
U+1E7E ok
U+1E7F ok
U+1E80 ok
U+1E81 ok
U+1E82 ok
U+1E83 ok
U+1E84 ok
U+1E85 ok
U+1E86 ok
U+1E87 ok
U+1E88 ok
U+1E89 ok
U+1E8A ok
U+1E8B ok
U+1E8C ok
U+1E8D ok
U+1E8E ok
U+1E8F ok
U+1E90 ok
U+1E91 ok
U+1E92 ok
U+1E93 ok
U+1E94 ok
U+1E95 ok
U+1E96 ok
U+1E97 ok
U+1E98 ok
U+1E99 ok
U+1E9A ok
U+1E9B ok
U+1E9C ok
U+1E9D ok
U+1E9E ok
U+1E9F ok
U+1EA0 ok
U+1EA1 ok
U+1EA2 ok
U+1EA3 ok
U+1EA4 ok
U+1EA5 ok
U+1EA6 ok
U+1EA7 ok
U+1EA8 ok
U+1EA9 ok
U+1EAA ok
U+1EAB ok
U+1EAC ok
U+1EAD ok
U+1EAE ok
U+1EAF ok
U+1EB0 ok
U+1EB1 ok
U+1EB2 ok
U+1EB3 ok
U+1EB4 ok
U+1EB5 ok
U+1EB6 ok
U+1EB7 ok
U+1EB8 ok
U+1EB9 ok
U+1EBA ok
U+1EBB ok
U+1EBC ok
U+1EBD ok
U+1EBE ok
U+1EBF ok
U+1EC0 ok
U+1EC1 ok
U+1EC2 ok
U+1EC3 ok
U+1EC4 ok
U+1EC5 ok
U+1EC6 ok
U+1EC7 ok
U+1EC8 ok
U+1EC9 ok
U+1ECA ok
U+1ECB ok
U+1ECC ok
U+1ECD ok
U+1ECE ok
U+1ECF ok
U+1ED0 ok
U+1ED1 ok
U+1ED2 ok
U+1ED3 ok
U+1ED4 ok
U+1ED5 ok
U+1ED6 ok
U+1ED7 ok
U+1ED8 ok
U+1ED9 ok
U+1EDA ok
U+1EDB ok
U+1EDC ok
U+1EDD ok
U+1EDE ok
U+1EDF ok
U+1EE0 ok
U+1EE1 ok
U+1EE2 ok
U+1EE3 ok
U+1EE4 ok
U+1EE5 ok
U+1EE6 ok
U+1EE7 ok
U+1EE8 ok
U+1EE9 ok
U+1EEA ok
U+1EEB ok
U+1EEC ok
U+1EED ok
U+1EEE ok
U+1EEF ok
U+1EF0 ok
U+1EF1 ok
U+1EF2 ok
U+1EF3 ok
U+1EF4 ok
U+1EF5 ok
U+1EF6 ok
U+1EF7 ok
U+1EF8 ok
U+1EF9 ok
U+1EFA ok
U+1EFB ok
U+1EFC ok
U+1EFD ok
U+1EFE ok
U+1EFF ok
